
*** Running vivado
    with args -log Test_Top.vdi -applog -m64 -product Vivado -messageDb vivado.pb -mode batch -source Test_Top.tcl -notrace



****** Vivado v2025.2 (64-bit)
  **** SW Build 6299465 on Fri Nov 14 19:35:11 GMT 2025
  **** IP Build 6300035 on Fri Nov 14 10:48:45 MST 2025
  **** SharedData Build 6298862 on Thu Nov 13 04:50:51 MST 2025
  **** Start of session at: Mon Jun  8 14:51:05 2026
    ** Copyright 1986-2022 Xilinx, Inc. All Rights Reserved.
    ** Copyright 2022-2025 Advanced Micro Devices, Inc. All Rights Reserved.

source Test_Top.tcl -notrace
create_project: Time (s): cpu = 00:00:05 ; elapsed = 00:00:05 . Memory (MB): peak = 555.836 ; gain = 224.445
INFO: [IP_Flow 19-234] Refreshing IP repositories
INFO: [IP_Flow 19-1700] Loaded user IP repository 'c:/Users/Tetro/Documents/FPGA_Project/MyExample/ip_repo/AXI_Lite_PS_To_PL_PL_1_0'.
INFO: [IP_Flow 19-2313] Loaded Vivado IP repository 'D:/Tetro/Tools/Vivado/2025.2/Vivado/data/ip'.
Command: link_design -top Test_Top -part xc7z020clg484-1
Design is defaulting to srcset: sources_1
Design is defaulting to constrset: constrs_1
INFO: [Device 21-403] Loading part xc7z020clg484-1
Netlist sorting complete. Time (s): cpu = 00:00:00 ; elapsed = 00:00:00.375 . Memory (MB): peak = 899.371 ; gain = 0.000
INFO: [Netlist 29-17] Analyzing 735 Unisim elements for replacement
INFO: [Netlist 29-28] Unisim Transformation completed in 0 CPU seconds
INFO: [Project 1-479] Netlist was created with Vivado 2025.2
INFO: [Project 1-570] Preparing netlist for logic optimization
Parsing XDC File [c:/Users/Tetro/Documents/FPGA_Project/2025_G/2025_G.gen/sources_1/bd/design_1/ip/design_1_processing_system7_0_0_1/design_1_processing_system7_0_0.xdc] for cell 'design_1_wrapper_inst/design_1_i/processing_system7_0/inst'
Finished Parsing XDC File [c:/Users/Tetro/Documents/FPGA_Project/2025_G/2025_G.gen/sources_1/bd/design_1/ip/design_1_processing_system7_0_0_1/design_1_processing_system7_0_0.xdc] for cell 'design_1_wrapper_inst/design_1_i/processing_system7_0/inst'
Parsing XDC File [c:/Users/Tetro/Documents/FPGA_Project/2025_G/2025_G.gen/sources_1/bd/design_1/ip/design_1_axi_smc_0/bd_0/ip/ip_1/bd_afc3_psr_aclk_0_board.xdc] for cell 'design_1_wrapper_inst/design_1_i/axi_smc/inst/clk_map/psr_aclk/U0'
Finished Parsing XDC File [c:/Users/Tetro/Documents/FPGA_Project/2025_G/2025_G.gen/sources_1/bd/design_1/ip/design_1_axi_smc_0/bd_0/ip/ip_1/bd_afc3_psr_aclk_0_board.xdc] for cell 'design_1_wrapper_inst/design_1_i/axi_smc/inst/clk_map/psr_aclk/U0'
Parsing XDC File [c:/Users/Tetro/Documents/FPGA_Project/2025_G/2025_G.gen/sources_1/bd/design_1/ip/design_1_axi_smc_0/smartconnect.xdc] for cell 'design_1_wrapper_inst/design_1_i/axi_smc/inst'
Finished Parsing XDC File [c:/Users/Tetro/Documents/FPGA_Project/2025_G/2025_G.gen/sources_1/bd/design_1/ip/design_1_axi_smc_0/smartconnect.xdc] for cell 'design_1_wrapper_inst/design_1_i/axi_smc/inst'
Parsing XDC File [c:/Users/Tetro/Documents/FPGA_Project/2025_G/2025_G.gen/sources_1/bd/design_1/ip/design_1_rst_ps7_0_50M_0/design_1_rst_ps7_0_50M_0_board.xdc] for cell 'design_1_wrapper_inst/design_1_i/rst_ps7_0_50M/U0'
Finished Parsing XDC File [c:/Users/Tetro/Documents/FPGA_Project/2025_G/2025_G.gen/sources_1/bd/design_1/ip/design_1_rst_ps7_0_50M_0/design_1_rst_ps7_0_50M_0_board.xdc] for cell 'design_1_wrapper_inst/design_1_i/rst_ps7_0_50M/U0'
Parsing XDC File [c:/Users/Tetro/Documents/FPGA_Project/2025_G/2025_G.gen/sources_1/ip/fir_compiler_0/constraints/fir_compiler_v7_2.xdc] for cell 'fir_adc12_dac8_inst/u_fir/U0'
Finished Parsing XDC File [c:/Users/Tetro/Documents/FPGA_Project/2025_G/2025_G.gen/sources_1/ip/fir_compiler_0/constraints/fir_compiler_v7_2.xdc] for cell 'fir_adc12_dac8_inst/u_fir/U0'
Parsing XDC File [C:/Users/Tetro/Documents/FPGA_Project/2025_G/2025_G.srcs/constrs_1/new/1.xdc]
Finished Parsing XDC File [C:/Users/Tetro/Documents/FPGA_Project/2025_G/2025_G.srcs/constrs_1/new/1.xdc]
INFO: [Project 1-1714] 57 XPM XDC files have been applied to the design.
INFO: [Opt 31-138] Pushed 0 inverter(s) to 0 load pin(s).
Generating merged BMM file for the design top 'Test_Top'...
Netlist sorting complete. Time (s): cpu = 00:00:00 ; elapsed = 00:00:00.008 . Memory (MB): peak = 1621.480 ; gain = 0.000
INFO: [Project 1-111] Unisim Transformation Summary:
  A total of 254 instances were transformed.
  RAM128X1D => RAM128X1D (MUXF7(x2), RAMD64E(x4)): 160 instances
  RAM16X1D => RAM32X1D (RAMD32(x2)): 1 instance 
  RAM32M => RAM32M (RAMD32(x6), RAMS32(x2)): 72 instances
  RAM32X1D => RAM32X1D (RAMD32(x2)): 9 instances
  RAM64M => RAM64M (RAMD64E(x4)): 10 instances
  RAM64X1D => RAM64X1D (RAMD64E(x2)): 2 instances

11 Infos, 0 Warnings, 0 Critical Warnings and 0 Errors encountered.
link_design completed successfully
link_design: Time (s): cpu = 00:00:12 ; elapsed = 00:00:14 . Memory (MB): peak = 1621.480 ; gain = 1014.707
Command: opt_design
Attempting to get a license for feature 'Implementation' and/or device 'xc7z020'
INFO: [Common 17-349] Got license for feature 'Implementation' and/or device 'xc7z020'
Running DRC as a precondition to command opt_design

Starting DRC Task
INFO: [DRC 23-27] Running DRC with 2 threads
INFO: [Project 1-461] DRC finished with 0 Errors
INFO: [Project 1-462] Please refer to the DRC report (report_drc) for more information.

Time (s): cpu = 00:00:01 ; elapsed = 00:00:00.583 . Memory (MB): peak = 1621.480 ; gain = 0.000

Starting Cache Timing Information Task
INFO: [Timing 38-35] Done setting XDC timing constraints.
Ending Cache Timing Information Task | Checksum: 220a2b25e

Time (s): cpu = 00:00:01 ; elapsed = 00:00:00.615 . Memory (MB): peak = 1621.480 ; gain = 0.000

Starting Logic Optimization Task

Phase 1 Initialization

Phase 1.1 Core Generation And Design Setup
Phase 1.1 Core Generation And Design Setup | Checksum: 220a2b25e

Time (s): cpu = 00:00:00 ; elapsed = 00:00:00.014 . Memory (MB): peak = 2056.477 ; gain = 0.000

Phase 1.2 Setup Constraints And Sort Netlist
Phase 1.2 Setup Constraints And Sort Netlist | Checksum: 220a2b25e

Time (s): cpu = 00:00:00 ; elapsed = 00:00:00.027 . Memory (MB): peak = 2056.477 ; gain = 0.000
Phase 1 Initialization | Checksum: 220a2b25e

Time (s): cpu = 00:00:00 ; elapsed = 00:00:00.030 . Memory (MB): peak = 2056.477 ; gain = 0.000

Phase 2 Timer Update And Timing Data Collection

Phase 2.1 Detect if minReqCache needed
Phase 2.1 Detect if minReqCache needed | Checksum: 220a2b25e

Time (s): cpu = 00:00:00 ; elapsed = 00:00:00.053 . Memory (MB): peak = 2056.504 ; gain = 0.027

Phase 2.2 Timer Update
Phase 2.2 Timer Update | Checksum: 220a2b25e

Time (s): cpu = 00:00:00 ; elapsed = 00:00:00.253 . Memory (MB): peak = 2056.504 ; gain = 0.027

Phase 2.3 Timing Data Collection
Phase 2.3 Timing Data Collection | Checksum: 220a2b25e

Time (s): cpu = 00:00:00 ; elapsed = 00:00:00.269 . Memory (MB): peak = 2056.504 ; gain = 0.027
Phase 2 Timer Update And Timing Data Collection | Checksum: 220a2b25e

Time (s): cpu = 00:00:00 ; elapsed = 00:00:00.272 . Memory (MB): peak = 2056.504 ; gain = 0.027

Phase 3 Retarget
INFO: [Opt 31-1851] Number of loadless carry chains removed were: 0
INFO: [Opt 31-1834] Total Chains To Be Transformed Were: 0 AND Number of Transformed insts Created are: 0
INFO: [Opt 31-1566] Pulled 2 inverters resulting in an inversion of 8 pins
INFO: [Opt 31-138] Pushed 23 inverter(s) to 267 load pin(s).
INFO: [Opt 31-49] Retargeted 0 cell(s).
Phase 3 Retarget | Checksum: 106d2dd91

Time (s): cpu = 00:00:00 ; elapsed = 00:00:00.484 . Memory (MB): peak = 2056.504 ; gain = 0.027
Retarget | Checksum: 106d2dd91
INFO: [Opt 31-389] Phase Retarget created 4 cells and removed 52 cells
INFO: [Opt 31-1021] In phase Retarget, 61 netlist objects are constrained preventing optimization. Please run opt_design with -debug_log to get more detail. 

Phase 4 Constant propagation
INFO: [Opt 31-138] Pushed 0 inverter(s) to 0 load pin(s).
Phase 4 Constant propagation | Checksum: fad74db4

Time (s): cpu = 00:00:00 ; elapsed = 00:00:00.542 . Memory (MB): peak = 2056.504 ; gain = 0.027
Constant propagation | Checksum: fad74db4
INFO: [Opt 31-389] Phase Constant propagation created 0 cells and removed 0 cells
INFO: [Opt 31-1021] In phase Constant propagation, 60 netlist objects are constrained preventing optimization. Please run opt_design with -debug_log to get more detail. 

Phase 5 Sweep
INFO: [Constraints 18-11670] Building netlist checker database with flags, 0x8
Done building netlist checker database: Time (s): cpu = 00:00:00 ; elapsed = 00:00:00.005 . Memory (MB): peak = 2056.504 ; gain = 0.000
INFO: [Constraints 18-11670] Building netlist checker database with flags, 0x8
Done building netlist checker database: Time (s): cpu = 00:00:00 ; elapsed = 00:00:00.005 . Memory (MB): peak = 2056.504 ; gain = 0.000
Phase 5 Sweep | Checksum: f5f0447c

Time (s): cpu = 00:00:00 ; elapsed = 00:00:01 . Memory (MB): peak = 2056.504 ; gain = 0.027
Sweep | Checksum: f5f0447c
INFO: [Opt 31-389] Phase Sweep created 0 cells and removed 103 cells
INFO: [Opt 31-1021] In phase Sweep, 75 netlist objects are constrained preventing optimization. Please run opt_design with -debug_log to get more detail. 

Phase 6 BUFG optimization
Phase 6 BUFG optimization | Checksum: f5f0447c

Time (s): cpu = 00:00:01 ; elapsed = 00:00:01 . Memory (MB): peak = 2056.504 ; gain = 0.027
BUFG optimization | Checksum: f5f0447c
INFO: [Opt 31-662] Phase BUFG optimization created 0 cells of which 0 are BUFGs and removed 0 cells.

Phase 7 Shift Register Optimization
INFO: [Opt 31-1064] SRL Remap converted 0 SRLs to 0 registers and converted 0 registers of register chains to 0 SRLs
Phase 7 Shift Register Optimization | Checksum: cc6cc7f7

Time (s): cpu = 00:00:01 ; elapsed = 00:00:01 . Memory (MB): peak = 2056.504 ; gain = 0.027
Shift Register Optimization | Checksum: cc6cc7f7
INFO: [Opt 31-389] Phase Shift Register Optimization created 1 cells and removed 2 cells

Phase 8 Post Processing Netlist
Phase 8 Post Processing Netlist | Checksum: 9a53b6f2

Time (s): cpu = 00:00:01 ; elapsed = 00:00:01 . Memory (MB): peak = 2056.504 ; gain = 0.027
Post Processing Netlist | Checksum: 9a53b6f2
INFO: [Opt 31-389] Phase Post Processing Netlist created 0 cells and removed 0 cells
INFO: [Opt 31-1021] In phase Post Processing Netlist, 60 netlist objects are constrained preventing optimization. Please run opt_design with -debug_log to get more detail. 

Phase 9 Finalization

Phase 9.1 Finalizing Design Cores and Updating Shapes
Phase 9.1 Finalizing Design Cores and Updating Shapes | Checksum: 15c2a222d

Time (s): cpu = 00:00:01 ; elapsed = 00:00:01 . Memory (MB): peak = 2056.504 ; gain = 0.027

Phase 9.2 Verifying Netlist Connectivity

Starting Connectivity Check Task

Time (s): cpu = 00:00:00 ; elapsed = 00:00:00.020 . Memory (MB): peak = 2056.504 ; gain = 0.000
Phase 9.2 Verifying Netlist Connectivity | Checksum: 15c2a222d

Time (s): cpu = 00:00:01 ; elapsed = 00:00:01 . Memory (MB): peak = 2056.504 ; gain = 0.027
Phase 9 Finalization | Checksum: 15c2a222d

Time (s): cpu = 00:00:01 ; elapsed = 00:00:01 . Memory (MB): peak = 2056.504 ; gain = 0.027
Opt_design Change Summary
=========================


-------------------------------------------------------------------------------------------------------------------------
|  Phase                        |  #Cells created  |  #Cells Removed  |  #Constrained objects preventing optimizations  |
-------------------------------------------------------------------------------------------------------------------------
|  Retarget                     |               4  |              52  |                                             61  |
|  Constant propagation         |               0  |               0  |                                             60  |
|  Sweep                        |               0  |             103  |                                             75  |
|  BUFG optimization            |               0  |               0  |                                              0  |
|  Shift Register Optimization  |               1  |               2  |                                              0  |
|  Post Processing Netlist      |               0  |               0  |                                             60  |
-------------------------------------------------------------------------------------------------------------------------


Ending Logic Optimization Task | Checksum: 15c2a222d

Time (s): cpu = 00:00:01 ; elapsed = 00:00:01 . Memory (MB): peak = 2056.504 ; gain = 0.027

Starting Power Optimization Task
INFO: [Pwropt 34-132] Skipping clock gating for clocks with a period < 2.00 ns.
INFO: [Timing 38-35] Done setting XDC timing constraints.
Running Vector-less Activity Propagation...

Finished Running Vector-less Activity Propagation
INFO: [Pwropt 34-9] Applying IDT optimizations ...
INFO: [Pwropt 34-10] Applying ODC optimizations ...


Starting PowerOpt Patch Enables Task
INFO: [Pwropt 34-162] WRITE_MODE attribute of 16 BRAM(s) out of a total of 131 has been updated to save power. Run report_power_opt to get a complete listing of the BRAMs updated.
INFO: [Pwropt 34-201] Structural ODC has moved 16 WE to EN ports
Number of BRAM Ports augmented: 64 newly gated: 35 Total Ports: 262
Number of Flops added for Enable Generation: 6

Ending PowerOpt Patch Enables Task | Checksum: b37b52cd

Time (s): cpu = 00:00:00 ; elapsed = 00:00:00.483 . Memory (MB): peak = 2172.500 ; gain = 0.000
Ending Power Optimization Task | Checksum: b37b52cd

Time (s): cpu = 00:00:09 ; elapsed = 00:00:08 . Memory (MB): peak = 2172.500 ; gain = 115.996

Starting Final Cleanup Task

Starting Logic Optimization Task
INFO: [Timing 38-35] Done setting XDC timing constraints.
Ending Logic Optimization Task | Checksum: eccf6953

Time (s): cpu = 00:00:01 ; elapsed = 00:00:01 . Memory (MB): peak = 2172.500 ; gain = 0.000
Ending Final Cleanup Task | Checksum: eccf6953

Time (s): cpu = 00:00:04 ; elapsed = 00:00:04 . Memory (MB): peak = 2172.500 ; gain = 0.000
Netlist sorting complete. Time (s): cpu = 00:00:00 ; elapsed = 00:00:00.008 . Memory (MB): peak = 2172.500 ; gain = 0.000
INFO: [Common 17-83] Releasing license: Implementation
43 Infos, 0 Warnings, 0 Critical Warnings and 0 Errors encountered.
opt_design completed successfully
opt_design: Time (s): cpu = 00:00:18 ; elapsed = 00:00:17 . Memory (MB): peak = 2172.500 ; gain = 551.020
INFO: [Vivado 12-24828] Executing command : report_drc -file Test_Top_drc_opted.rpt -pb Test_Top_drc_opted.pb -rpx Test_Top_drc_opted.rpx
Command: report_drc -file Test_Top_drc_opted.rpt -pb Test_Top_drc_opted.pb -rpx Test_Top_drc_opted.rpx
INFO: [IP_Flow 19-1839] IP Catalog is up to date.
INFO: [DRC 23-27] Running DRC with 2 threads
INFO: [Vivado_Tcl 2-168] The results of DRC are in file C:/Users/Tetro/Documents/FPGA_Project/2025_G/2025_G.runs/impl_1/Test_Top_drc_opted.rpt.
report_drc completed successfully
INFO: [Timing 38-480] Writing timing data to binary archive.
Wrote PlaceDB: Time (s): cpu = 00:00:00 ; elapsed = 00:00:00 . Memory (MB): peak = 2172.500 ; gain = 0.000
Wrote PulsedLatchDB: Time (s): cpu = 00:00:00 ; elapsed = 00:00:00 . Memory (MB): peak = 2172.500 ; gain = 0.000
Writing XDEF routing.
Writing XDEF routing logical nets.
Writing XDEF routing special nets.
Wrote RouteStorage: Time (s): cpu = 00:00:00 ; elapsed = 00:00:00.027 . Memory (MB): peak = 2172.500 ; gain = 0.000
Wrote PlaceStorage: Time (s): cpu = 00:00:00 ; elapsed = 00:00:00.008 . Memory (MB): peak = 2172.500 ; gain = 0.000
Write ShapeDB Complete: Time (s): cpu = 00:00:00 ; elapsed = 00:00:00.045 . Memory (MB): peak = 2172.500 ; gain = 0.000
Wrote Netlist Cache: Time (s): cpu = 00:00:00 ; elapsed = 00:00:00.002 . Memory (MB): peak = 2172.500 ; gain = 0.000
Wrote Device Cache: Time (s): cpu = 00:00:00 ; elapsed = 00:00:00.021 . Memory (MB): peak = 2172.500 ; gain = 0.000
Write Physdb Complete: Time (s): cpu = 00:00:00 ; elapsed = 00:00:00.071 . Memory (MB): peak = 2172.500 ; gain = 0.000
INFO: [Common 17-1381] The checkpoint 'C:/Users/Tetro/Documents/FPGA_Project/2025_G/2025_G.runs/impl_1/Test_Top_opt.dcp' has been generated.
Command: place_design
Attempting to get a license for feature 'Implementation' and/or device 'xc7z020'
INFO: [Common 17-349] Got license for feature 'Implementation' and/or device 'xc7z020'
INFO: [Common 17-83] Releasing license: Implementation
INFO: [DRC 23-27] Running DRC with 2 threads
INFO: [Vivado_Tcl 4-198] DRC finished with 0 Errors
INFO: [Vivado_Tcl 4-199] Please refer to the DRC report (report_drc) for more information.
INFO: [Timing 38-35] Done setting XDC timing constraints.
Running DRC as a precondition to command place_design
INFO: [DRC 23-27] Running DRC with 2 threads
INFO: [Vivado_Tcl 4-198] DRC finished with 0 Errors, 21 Warnings
INFO: [Vivado_Tcl 4-199] Please refer to the DRC report (report_drc) for more information.
INFO: [Place 30-611] Multithreading enabled for place_design using a maximum of 2 CPUs

Starting Placer Task

Phase 1 Placer Initialization

Phase 1.1 Placer Initialization Netlist Sorting
Netlist sorting complete. Time (s): cpu = 00:00:00 ; elapsed = 00:00:00.019 . Memory (MB): peak = 2172.500 ; gain = 0.000
Phase 1.1 Placer Initialization Netlist Sorting | Checksum: 77626382

Time (s): cpu = 00:00:00 ; elapsed = 00:00:00.027 . Memory (MB): peak = 2172.500 ; gain = 0.000
Netlist sorting complete. Time (s): cpu = 00:00:00 ; elapsed = 00:00:00.010 . Memory (MB): peak = 2172.500 ; gain = 0.000

Phase 1.2 IO Placement/ Clock Placement/ Build Placer Device
Phase 1.2 IO Placement/ Clock Placement/ Build Placer Device | Checksum: b391dfde

Time (s): cpu = 00:00:01 ; elapsed = 00:00:01 . Memory (MB): peak = 2172.500 ; gain = 0.000

Phase 1.3 Build Placer Netlist Model
Phase 1.3 Build Placer Netlist Model | Checksum: 18a83154c

Time (s): cpu = 00:00:04 ; elapsed = 00:00:04 . Memory (MB): peak = 2172.500 ; gain = 0.000

Phase 1.4 Constrain Clocks/Macros
Phase 1.4 Constrain Clocks/Macros | Checksum: 18a83154c

Time (s): cpu = 00:00:04 ; elapsed = 00:00:04 . Memory (MB): peak = 2172.500 ; gain = 0.000
Phase 1 Placer Initialization | Checksum: 18a83154c

Time (s): cpu = 00:00:04 ; elapsed = 00:00:04 . Memory (MB): peak = 2172.500 ; gain = 0.000

Phase 2 Global Placement

Phase 2.1 Floorplanning
Phase 2.1 Floorplanning | Checksum: 2278b74cc

Time (s): cpu = 00:00:06 ; elapsed = 00:00:05 . Memory (MB): peak = 2172.500 ; gain = 0.000

Phase 2.2 Update Timing before SLR Path Opt
Phase 2.2 Update Timing before SLR Path Opt | Checksum: 17b36b12b

Time (s): cpu = 00:00:07 ; elapsed = 00:00:06 . Memory (MB): peak = 2172.500 ; gain = 0.000

Phase 2.3 Post-Processing in Floorplanning
Phase 2.3 Post-Processing in Floorplanning | Checksum: 17b36b12b

Time (s): cpu = 00:00:07 ; elapsed = 00:00:06 . Memory (MB): peak = 2172.500 ; gain = 0.000

Phase 2.4 Global Place Phase1
Phase 2.4 Global Place Phase1 | Checksum: 22433881f

Time (s): cpu = 00:00:14 ; elapsed = 00:00:12 . Memory (MB): peak = 2172.500 ; gain = 0.000

Phase 2.5 Global Place Phase2

Phase 2.5.1 UpdateTiming Before Physical Synthesis
Phase 2.5.1 UpdateTiming Before Physical Synthesis | Checksum: 22433881f

Time (s): cpu = 00:00:15 ; elapsed = 00:00:13 . Memory (MB): peak = 2172.500 ; gain = 0.000

Phase 2.5.2 Physical Synthesis In Placer
INFO: [Physopt 32-1035] Found 0 LUTNM shape to break, 428 LUT instances to create LUTNM shape
INFO: [Physopt 32-1044] Break lutnm for timing: one critical 0, two critical 0, total 0, new lutff created 0
INFO: [Physopt 32-1138] End 1 Pass. Optimized 173 nets or LUTs. Breaked 0 LUT, combined 173 existing LUTs and moved 0 existing LUT
INFO: [Physopt 32-65] No nets found for high-fanout optimization.
INFO: [Physopt 32-232] Optimized 0 net. Created 0 new instance.
INFO: [Physopt 32-775] End 1 Pass. Optimized 0 net or cell. Created 0 new cell, deleted 0 existing cell and moved 0 existing cell
INFO: [Physopt 32-670] No setup violation found.  DSP Register Optimization was not performed.
INFO: [Physopt 32-670] No setup violation found.  Shift Register to Pipeline Optimization was not performed.
INFO: [Physopt 32-670] No setup violation found.  Shift Register Optimization was not performed.
INFO: [Physopt 32-670] No setup violation found.  BRAM Register Optimization was not performed.
INFO: [Physopt 32-670] No setup violation found.  URAM Register Optimization was not performed.
INFO: [Physopt 32-949] No candidate nets found for dynamic/static region interface net replication
INFO: [Physopt 32-775] End 1 Pass. Optimized 0 net or cell. Created 0 new cell, deleted 0 existing cell and moved 0 existing cell
Netlist sorting complete. Time (s): cpu = 00:00:00 ; elapsed = 00:00:00.007 . Memory (MB): peak = 2172.500 ; gain = 0.000

Summary of Physical Synthesis Optimizations
============================================


-----------------------------------------------------------------------------------------------------------------------------------------------------------
|  Optimization                                     |  Added Cells  |  Removed Cells  |  Optimized Cells/Nets  |  Dont Touch  |  Iterations  |  Elapsed   |
-----------------------------------------------------------------------------------------------------------------------------------------------------------
|  LUT Combining                                    |            0  |            173  |                   173  |           0  |           1  |  00:00:00  |
|  Retime                                           |            0  |              0  |                     0  |           0  |           1  |  00:00:00  |
|  Very High Fanout                                 |            0  |              0  |                     0  |           0  |           1  |  00:00:00  |
|  DSP Register                                     |            0  |              0  |                     0  |           0  |           0  |  00:00:00  |
|  Shift Register to Pipeline                       |            0  |              0  |                     0  |           0  |           0  |  00:00:00  |
|  Shift Register                                   |            0  |              0  |                     0  |           0  |           0  |  00:00:00  |
|  BRAM Register                                    |            0  |              0  |                     0  |           0  |           0  |  00:00:00  |
|  URAM Register                                    |            0  |              0  |                     0  |           0  |           0  |  00:00:00  |
|  Dynamic/Static Region Interface Net Replication  |            0  |              0  |                     0  |           0  |           1  |  00:00:00  |
|  Total                                            |            0  |            173  |                   173  |           0  |           4  |  00:00:00  |
-----------------------------------------------------------------------------------------------------------------------------------------------------------


Phase 2.5.2 Physical Synthesis In Placer | Checksum: 1d01550f4

Time (s): cpu = 00:00:18 ; elapsed = 00:00:14 . Memory (MB): peak = 2172.500 ; gain = 0.000
Phase 2.5 Global Place Phase2 | Checksum: 1d3736657

Time (s): cpu = 00:00:18 ; elapsed = 00:00:15 . Memory (MB): peak = 2172.500 ; gain = 0.000
Phase 2 Global Placement | Checksum: 1d3736657

Time (s): cpu = 00:00:18 ; elapsed = 00:00:15 . Memory (MB): peak = 2172.500 ; gain = 0.000

Phase 3 Detail Placement

Phase 3.1 Commit Multi Column Macros
Phase 3.1 Commit Multi Column Macros | Checksum: 136106bbe

Time (s): cpu = 00:00:20 ; elapsed = 00:00:16 . Memory (MB): peak = 2172.500 ; gain = 0.000

Phase 3.2 Commit Most Macros & LUTRAMs
Phase 3.2 Commit Most Macros & LUTRAMs | Checksum: ea685e7e

Time (s): cpu = 00:00:22 ; elapsed = 00:00:18 . Memory (MB): peak = 2172.500 ; gain = 0.000

Phase 3.3 Area Swap Optimization
Phase 3.3 Area Swap Optimization | Checksum: 162be2b11

Time (s): cpu = 00:00:22 ; elapsed = 00:00:18 . Memory (MB): peak = 2172.500 ; gain = 0.000

Phase 3.4 Pipeline Register Optimization
Phase 3.4 Pipeline Register Optimization | Checksum: 19c830f27

Time (s): cpu = 00:00:22 ; elapsed = 00:00:18 . Memory (MB): peak = 2172.500 ; gain = 0.000

Phase 3.5 Small Shape Detail Placement
Phase 3.5 Small Shape Detail Placement | Checksum: 1e9820ace

Time (s): cpu = 00:00:24 ; elapsed = 00:00:20 . Memory (MB): peak = 2172.500 ; gain = 0.000

Phase 3.6 Re-assign LUT pins
Phase 3.6 Re-assign LUT pins | Checksum: 1b7e17ad5

Time (s): cpu = 00:00:24 ; elapsed = 00:00:21 . Memory (MB): peak = 2172.500 ; gain = 0.000

Phase 3.7 Pipeline Register Optimization
Phase 3.7 Pipeline Register Optimization | Checksum: 16a1e8eeb

Time (s): cpu = 00:00:24 ; elapsed = 00:00:21 . Memory (MB): peak = 2172.500 ; gain = 0.000
Phase 3 Detail Placement | Checksum: 16a1e8eeb

Time (s): cpu = 00:00:24 ; elapsed = 00:00:21 . Memory (MB): peak = 2172.500 ; gain = 0.000

Phase 4 Post Placement Optimization and Clean-Up

Phase 4.1 Post Commit Optimization
INFO: [Timing 38-35] Done setting XDC timing constraints.

Phase 4.1.1 Post Placement Optimization
Post Placement Optimization Initialization | Checksum: c6afdb43

Phase 4.1.1.1 BUFG Insertion

Starting Physical Synthesis Task

Phase 1 Physical Synthesis Initialization
INFO: [Physopt 32-721] Multithreading enabled for phys_opt_design using a maximum of 2 CPUs
INFO: [Physopt 32-619] Estimated Timing Summary | WNS=4.302 | TNS=0.000 |
Phase 1 Physical Synthesis Initialization | Checksum: dccda123

Time (s): cpu = 00:00:00 ; elapsed = 00:00:00.188 . Memory (MB): peak = 2172.500 ; gain = 0.000
INFO: [Place 46-56] BUFG insertion identified 0 candidate nets. Inserted BUFG: 0, Replicated BUFG Driver: 0, Skipped due to Placement/Routing Conflicts: 0, Skipped due to Timing Degradation: 0, Skipped due to netlist editing failed: 0.
Ending Physical Synthesis Task | Checksum: e2fdfe84

Time (s): cpu = 00:00:00 ; elapsed = 00:00:00.218 . Memory (MB): peak = 2172.500 ; gain = 0.000
Phase 4.1.1.1 BUFG Insertion | Checksum: c6afdb43

Time (s): cpu = 00:00:28 ; elapsed = 00:00:24 . Memory (MB): peak = 2172.500 ; gain = 0.000

Phase 4.1.1.2 Post Placement Timing Optimization
INFO: [Place 30-746] Post Placement Timing Summary WNS=4.302. For the most accurate timing information please run report_timing.
Phase 4.1.1.2 Post Placement Timing Optimization | Checksum: 142fba76d

Time (s): cpu = 00:00:28 ; elapsed = 00:00:24 . Memory (MB): peak = 2172.500 ; gain = 0.000

Time (s): cpu = 00:00:28 ; elapsed = 00:00:24 . Memory (MB): peak = 2172.500 ; gain = 0.000
Phase 4.1 Post Commit Optimization | Checksum: 142fba76d

Time (s): cpu = 00:00:28 ; elapsed = 00:00:24 . Memory (MB): peak = 2172.500 ; gain = 0.000

Phase 4.2 Post Placement Cleanup
Phase 4.2 Post Placement Cleanup | Checksum: 142fba76d

Time (s): cpu = 00:00:28 ; elapsed = 00:00:24 . Memory (MB): peak = 2172.500 ; gain = 0.000

Phase 4.3 Placer Reporting

Phase 4.3.1 Print Estimated Congestion
INFO: [Place 30-612] Post-Placement Estimated Congestion 
 ____________________________________________________
|           | Global Congestion | Short Congestion  |
| Direction | Region Size       | Region Size       |
|___________|___________________|___________________|
|      North|                1x1|                2x2|
|___________|___________________|___________________|
|      South|                1x1|                1x1|
|___________|___________________|___________________|
|       East|                1x1|                1x1|
|___________|___________________|___________________|
|       West|                1x1|                1x1|
|___________|___________________|___________________|

Phase 4.3.1 Print Estimated Congestion | Checksum: 142fba76d

Time (s): cpu = 00:00:28 ; elapsed = 00:00:24 . Memory (MB): peak = 2172.500 ; gain = 0.000
Phase 4.3 Placer Reporting | Checksum: 142fba76d

Time (s): cpu = 00:00:28 ; elapsed = 00:00:24 . Memory (MB): peak = 2172.500 ; gain = 0.000

Phase 4.4 Final Placement Cleanup
Netlist sorting complete. Time (s): cpu = 00:00:00 ; elapsed = 00:00:00.007 . Memory (MB): peak = 2172.500 ; gain = 0.000

Time (s): cpu = 00:00:28 ; elapsed = 00:00:24 . Memory (MB): peak = 2172.500 ; gain = 0.000
Phase 4 Post Placement Optimization and Clean-Up | Checksum: 1eda0e15f

Time (s): cpu = 00:00:28 ; elapsed = 00:00:24 . Memory (MB): peak = 2172.500 ; gain = 0.000
Ending Placer Task | Checksum: 1183632a5

Time (s): cpu = 00:00:28 ; elapsed = 00:00:24 . Memory (MB): peak = 2172.500 ; gain = 0.000
78 Infos, 0 Warnings, 0 Critical Warnings and 0 Errors encountered.
place_design completed successfully
place_design: Time (s): cpu = 00:00:30 ; elapsed = 00:00:27 . Memory (MB): peak = 2172.500 ; gain = 0.000
INFO: [Vivado 12-24838] Running report commands "report_control_sets, report_io, report_utilization" in parallel.
Running report generation with 2 threads.
INFO: [Vivado 12-24828] Executing command : report_io -file Test_Top_io_placed.rpt
report_io: Time (s): cpu = 00:00:01 ; elapsed = 00:00:00.100 . Memory (MB): peak = 2172.500 ; gain = 0.000
INFO: [Vivado 12-24828] Executing command : report_utilization -file Test_Top_utilization_placed.rpt -pb Test_Top_utilization_placed.pb
INFO: [Vivado 12-24828] Executing command : report_control_sets -verbose -file Test_Top_control_sets_placed.rpt
report_control_sets: Time (s): cpu = 00:00:00 ; elapsed = 00:00:00.050 . Memory (MB): peak = 2172.500 ; gain = 0.000
Wrote PlaceDB: Time (s): cpu = 00:00:00 ; elapsed = 00:00:00 . Memory (MB): peak = 2172.500 ; gain = 0.000
INFO: [Timing 38-480] Writing timing data to binary archive.
Wrote PulsedLatchDB: Time (s): cpu = 00:00:00 ; elapsed = 00:00:00 . Memory (MB): peak = 2172.500 ; gain = 0.000
Writing XDEF routing.
Writing XDEF routing logical nets.
Writing XDEF routing special nets.
Wrote RouteStorage: Time (s): cpu = 00:00:00 ; elapsed = 00:00:00.026 . Memory (MB): peak = 2172.500 ; gain = 0.000
Write ShapeDB Complete: Time (s): cpu = 00:00:00 ; elapsed = 00:00:00.079 . Memory (MB): peak = 2172.500 ; gain = 0.000
Wrote PlaceStorage: Time (s): cpu = 00:00:01 ; elapsed = 00:00:00.458 . Memory (MB): peak = 2172.500 ; gain = 0.000
Wrote Netlist Cache: Time (s): cpu = 00:00:00 ; elapsed = 00:00:00.010 . Memory (MB): peak = 2172.500 ; gain = 0.000
Wrote Device Cache: Time (s): cpu = 00:00:00 ; elapsed = 00:00:00.011 . Memory (MB): peak = 2172.500 ; gain = 0.000
Write Physdb Complete: Time (s): cpu = 00:00:01 ; elapsed = 00:00:00.519 . Memory (MB): peak = 2172.500 ; gain = 0.000
INFO: [Common 17-1381] The checkpoint 'C:/Users/Tetro/Documents/FPGA_Project/2025_G/2025_G.runs/impl_1/Test_Top_placed.dcp' has been generated.
Command: phys_opt_design
Attempting to get a license for feature 'Implementation' and/or device 'xc7z020'
INFO: [Common 17-349] Got license for feature 'Implementation' and/or device 'xc7z020'

Starting Initial Update Timing Task

Time (s): cpu = 00:00:02 ; elapsed = 00:00:02 . Memory (MB): peak = 2172.500 ; gain = 0.000
INFO: [Vivado_Tcl 4-2279] Estimated Timing Summary | WNS= 4.302 | TNS= 0.000 | 
INFO: [Vivado_Tcl 4-383] Design worst setup slack (WNS) is greater than or equal to 0.000 ns. All physical synthesis setup optimizations will be skipped.
INFO: [Vivado_Tcl 4-232] No setup violation found. The netlist was not modified.
INFO: [Common 17-83] Releasing license: Implementation
89 Infos, 0 Warnings, 0 Critical Warnings and 0 Errors encountered.
phys_opt_design completed successfully
Wrote PlaceDB: Time (s): cpu = 00:00:00 ; elapsed = 00:00:00 . Memory (MB): peak = 2172.500 ; gain = 0.000
INFO: [Timing 38-480] Writing timing data to binary archive.
Wrote PulsedLatchDB: Time (s): cpu = 00:00:00 ; elapsed = 00:00:00 . Memory (MB): peak = 2172.500 ; gain = 0.000
Writing XDEF routing.
Writing XDEF routing logical nets.
Writing XDEF routing special nets.
Wrote RouteStorage: Time (s): cpu = 00:00:00 ; elapsed = 00:00:00.027 . Memory (MB): peak = 2172.500 ; gain = 0.000
Write ShapeDB Complete: Time (s): cpu = 00:00:00 ; elapsed = 00:00:00.078 . Memory (MB): peak = 2172.500 ; gain = 0.000
Wrote PlaceStorage: Time (s): cpu = 00:00:01 ; elapsed = 00:00:00.342 . Memory (MB): peak = 2172.500 ; gain = 0.000
Wrote Netlist Cache: Time (s): cpu = 00:00:00 ; elapsed = 00:00:00.013 . Memory (MB): peak = 2172.500 ; gain = 0.000
Wrote Device Cache: Time (s): cpu = 00:00:00 ; elapsed = 00:00:00.014 . Memory (MB): peak = 2172.500 ; gain = 0.000
Write Physdb Complete: Time (s): cpu = 00:00:01 ; elapsed = 00:00:00.411 . Memory (MB): peak = 2172.500 ; gain = 0.000
INFO: [Common 17-1381] The checkpoint 'C:/Users/Tetro/Documents/FPGA_Project/2025_G/2025_G.runs/impl_1/Test_Top_physopt.dcp' has been generated.
Command: route_design
Attempting to get a license for feature 'Implementation' and/or device 'xc7z020'
INFO: [Common 17-349] Got license for feature 'Implementation' and/or device 'xc7z020'


Starting Routing Task
INFO: [Route 35-254] Multithreading enabled for route_design using a maximum of 2 CPUs

Phase 1 Build RT Design
Checksum: PlaceDB: 4955cd01 ConstDB: 0 ShapeSum: b8e6f2b4 RouteDB: 15f972f0
Post Restoration Checksum: NetGraph: 19c967f0 | NumContArr: b8afd43f | Constraints: c2a8fa9d | Timing: c2a8fa9d
Phase 1 Build RT Design | Checksum: 257cb3169

Time (s): cpu = 00:00:20 ; elapsed = 00:00:17 . Memory (MB): peak = 2172.500 ; gain = 0.000

Phase 2 Router Initialization

Phase 2.1 Fix Topology Constraints
Phase 2.1 Fix Topology Constraints | Checksum: 257cb3169

Time (s): cpu = 00:00:20 ; elapsed = 00:00:17 . Memory (MB): peak = 2172.500 ; gain = 0.000

Phase 2.2 Pre Route Cleanup
Phase 2.2 Pre Route Cleanup | Checksum: 257cb3169

Time (s): cpu = 00:00:20 ; elapsed = 00:00:17 . Memory (MB): peak = 2172.500 ; gain = 0.000
 Number of Nodes with overlaps = 0

Phase 2.3 Update Timing
Phase 2.3 Update Timing | Checksum: 239e02d75

Time (s): cpu = 00:00:23 ; elapsed = 00:00:20 . Memory (MB): peak = 2172.500 ; gain = 0.000
INFO: [Route 35-416] Intermediate Timing Summary | WNS=4.351  | TNS=0.000  | WHS=-0.343 | THS=-565.361|


Phase 2.4 Soft Constraint Pins - Fast Budgeting
Phase 2.4 Soft Constraint Pins - Fast Budgeting | Checksum: 1eadbaaae

Time (s): cpu = 00:00:24 ; elapsed = 00:00:21 . Memory (MB): peak = 2172.500 ; gain = 0.000

Router Utilization Summary
  Global Vertical Routing Utilization    = 0 %
  Global Horizontal Routing Utilization  = 0 %
  Routable Net Status*
  *Does not include unroutable nets such as driverless and loadless.
  Run report_route_status for detailed report.
  Number of Failed Nets               = 8887
    (Failed Nets is the sum of unrouted and partially routed nets)
  Number of Unrouted Nets             = 8887
  Number of Partially Routed Nets     = 0
  Number of Node Overlaps             = 0

Phase 2 Router Initialization | Checksum: 21fef5f0b

Time (s): cpu = 00:00:24 ; elapsed = 00:00:22 . Memory (MB): peak = 2172.500 ; gain = 0.000

Phase 3 Global Routing
Phase 3 Global Routing | Checksum: 21fef5f0b

Time (s): cpu = 00:00:24 ; elapsed = 00:00:22 . Memory (MB): peak = 2172.500 ; gain = 0.000

Phase 4 Initial Routing

Phase 4.1 Initial Net Routing Pass
Phase 4.1 Initial Net Routing Pass | Checksum: 277edc09c

Time (s): cpu = 00:00:26 ; elapsed = 00:00:23 . Memory (MB): peak = 2172.500 ; gain = 0.000
Phase 4 Initial Routing | Checksum: 277edc09c

Time (s): cpu = 00:00:26 ; elapsed = 00:00:23 . Memory (MB): peak = 2172.500 ; gain = 0.000

Phase 5 Rip-up And Reroute

Phase 5.1 Global Iteration 0
 Number of Nodes with overlaps = 687
 Number of Nodes with overlaps = 69
 Number of Nodes with overlaps = 20
 Number of Nodes with overlaps = 5
 Number of Nodes with overlaps = 2
 Number of Nodes with overlaps = 0
INFO: [Route 35-416] Intermediate Timing Summary | WNS=3.869  | TNS=0.000  | WHS=N/A    | THS=N/A    |

Phase 5.1 Global Iteration 0 | Checksum: 1ebc2627a

Time (s): cpu = 00:00:30 ; elapsed = 00:00:28 . Memory (MB): peak = 2172.500 ; gain = 0.000

Phase 5.2 Global Iteration 1
 Number of Nodes with overlaps = 10
 Number of Nodes with overlaps = 0
INFO: [Route 35-416] Intermediate Timing Summary | WNS=3.869  | TNS=0.000  | WHS=N/A    | THS=N/A    |

Phase 5.2 Global Iteration 1 | Checksum: 262b24883

Time (s): cpu = 00:00:30 ; elapsed = 00:00:28 . Memory (MB): peak = 2172.500 ; gain = 0.000
Phase 5 Rip-up And Reroute | Checksum: 262b24883

Time (s): cpu = 00:00:30 ; elapsed = 00:00:28 . Memory (MB): peak = 2172.500 ; gain = 0.000

Phase 6 Delay and Skew Optimization

Phase 6.1 Delay CleanUp

Phase 6.1.1 Update Timing
Phase 6.1.1 Update Timing | Checksum: 2f22105bc

Time (s): cpu = 00:00:30 ; elapsed = 00:00:28 . Memory (MB): peak = 2172.500 ; gain = 0.000
INFO: [Route 35-416] Intermediate Timing Summary | WNS=3.869  | TNS=0.000  | WHS=N/A    | THS=N/A    |

Phase 6.1 Delay CleanUp | Checksum: 2f22105bc

Time (s): cpu = 00:00:30 ; elapsed = 00:00:28 . Memory (MB): peak = 2172.500 ; gain = 0.000

Phase 6.2 Clock Skew Optimization
Phase 6.2 Clock Skew Optimization | Checksum: 2f22105bc

Time (s): cpu = 00:00:30 ; elapsed = 00:00:28 . Memory (MB): peak = 2172.500 ; gain = 0.000
Phase 6 Delay and Skew Optimization | Checksum: 2f22105bc

Time (s): cpu = 00:00:30 ; elapsed = 00:00:28 . Memory (MB): peak = 2172.500 ; gain = 0.000

Phase 7 Post Hold Fix

Phase 7.1 Hold Fix Iter
INFO: [Route 35-416] Intermediate Timing Summary | WNS=3.869  | TNS=0.000  | WHS=0.013  | THS=0.000  |

Phase 7.1 Hold Fix Iter | Checksum: 2212a7b21

Time (s): cpu = 00:00:30 ; elapsed = 00:00:29 . Memory (MB): peak = 2172.500 ; gain = 0.000
Phase 7 Post Hold Fix | Checksum: 2212a7b21

Time (s): cpu = 00:00:30 ; elapsed = 00:00:29 . Memory (MB): peak = 2172.500 ; gain = 0.000

Phase 8 Route finalize

Router Utilization Summary
  Global Vertical Routing Utilization    = 2.47717 %
  Global Horizontal Routing Utilization  = 2.76902 %
  Routable Net Status*
  *Does not include unroutable nets such as driverless and loadless.
  Run report_route_status for detailed report.
  Number of Failed Nets               = 0
    (Failed Nets is the sum of unrouted and partially routed nets)
  Number of Unrouted Nets             = 0
  Number of Partially Routed Nets     = 0
  Number of Node Overlaps             = 0

Phase 8 Route finalize | Checksum: 2212a7b21

Time (s): cpu = 00:00:30 ; elapsed = 00:00:29 . Memory (MB): peak = 2172.500 ; gain = 0.000

Phase 9 Verifying routed nets

 Verification completed successfully
Phase 9 Verifying routed nets | Checksum: 2212a7b21

Time (s): cpu = 00:00:30 ; elapsed = 00:00:29 . Memory (MB): peak = 2172.500 ; gain = 0.000

Phase 10 Depositing Routes
Phase 10 Depositing Routes | Checksum: 2a29af9ed

Time (s): cpu = 00:00:31 ; elapsed = 00:00:29 . Memory (MB): peak = 2172.500 ; gain = 0.000

Phase 11 Post Process Routing
Phase 11 Post Process Routing | Checksum: 2a29af9ed

Time (s): cpu = 00:00:31 ; elapsed = 00:00:29 . Memory (MB): peak = 2172.500 ; gain = 0.000

Phase 12 Post Router Timing
INFO: [Route 35-57] Estimated Timing Summary | WNS=3.869  | TNS=0.000  | WHS=0.013  | THS=0.000  |

INFO: [Route 35-327] The final timing numbers are based on the router estimated timing analysis. For a complete and accurate timing signoff, please run report_timing_summary.
Phase 12 Post Router Timing | Checksum: 2a29af9ed

Time (s): cpu = 00:00:31 ; elapsed = 00:00:29 . Memory (MB): peak = 2172.500 ; gain = 0.000
Total Elapsed time in route_design: 29.482 secs

Phase 13 Post-Route Event Processing
Phase 13 Post-Route Event Processing | Checksum: 234f5380f

Time (s): cpu = 00:00:31 ; elapsed = 00:00:30 . Memory (MB): peak = 2172.500 ; gain = 0.000
INFO: [Route 35-16] Router Completed Successfully
Ending Routing Task | Checksum: 234f5380f

Time (s): cpu = 00:00:31 ; elapsed = 00:00:30 . Memory (MB): peak = 2172.500 ; gain = 0.000

Routing Is Done.
INFO: [Common 17-83] Releasing license: Implementation
102 Infos, 0 Warnings, 0 Critical Warnings and 0 Errors encountered.
route_design completed successfully
route_design: Time (s): cpu = 00:00:31 ; elapsed = 00:00:30 . Memory (MB): peak = 2172.500 ; gain = 0.000
INFO: [Vivado 12-24828] Executing command : report_drc -file Test_Top_drc_routed.rpt -pb Test_Top_drc_routed.pb -rpx Test_Top_drc_routed.rpx
Command: report_drc -file Test_Top_drc_routed.rpt -pb Test_Top_drc_routed.pb -rpx Test_Top_drc_routed.rpx
INFO: [IP_Flow 19-1839] IP Catalog is up to date.
INFO: [DRC 23-27] Running DRC with 2 threads
INFO: [Vivado_Tcl 2-168] The results of DRC are in file C:/Users/Tetro/Documents/FPGA_Project/2025_G/2025_G.runs/impl_1/Test_Top_drc_routed.rpt.
report_drc completed successfully
INFO: [Vivado 12-24828] Executing command : report_methodology -file Test_Top_methodology_drc_routed.rpt -pb Test_Top_methodology_drc_routed.pb -rpx Test_Top_methodology_drc_routed.rpx
Command: report_methodology -file Test_Top_methodology_drc_routed.rpt -pb Test_Top_methodology_drc_routed.pb -rpx Test_Top_methodology_drc_routed.rpx
INFO: [Timing 38-35] Done setting XDC timing constraints.
INFO: [DRC 23-133] Running Methodology with 2 threads
INFO: [Vivado_Tcl 2-1520] The results of Report Methodology are in file C:/Users/Tetro/Documents/FPGA_Project/2025_G/2025_G.runs/impl_1/Test_Top_methodology_drc_routed.rpt.
report_methodology completed successfully
INFO: [Vivado 12-24828] Executing command : report_timing_summary -max_paths 10 -routable_nets -report_unconstrained -file Test_Top_timing_summary_routed.rpt -pb Test_Top_timing_summary_routed.pb -rpx Test_Top_timing_summary_routed.rpx -warn_on_violation 
INFO: [Timing 38-35] Done setting XDC timing constraints.
INFO: [Timing 38-91] UpdateTimingParams: Speed grade: -1, Delay Type: min_max.
INFO: [Timing 38-191] Multithreading enabled for timing update using a maximum of 2 CPUs
INFO: [Vivado 12-24838] Running report commands "report_incremental_reuse, report_route_status" in parallel.
Running report generation with 2 threads.
INFO: [Vivado 12-24828] Executing command : report_incremental_reuse -file Test_Top_incremental_reuse_routed.rpt
INFO: [Vivado_Tcl 4-1062] Incremental flow is disabled. No incremental reuse Info to report.
INFO: [Vivado 12-24828] Executing command : report_route_status -file Test_Top_route_status.rpt -pb Test_Top_route_status.pb
INFO: [Vivado 12-24828] Executing command : report_power -file Test_Top_power_routed.rpt -pb Test_Top_power_summary_routed.pb -rpx Test_Top_power_routed.rpx
Command: report_power -file Test_Top_power_routed.rpt -pb Test_Top_power_summary_routed.pb -rpx Test_Top_power_routed.rpx
Running Vector-less Activity Propagation...

Finished Running Vector-less Activity Propagation
119 Infos, 0 Warnings, 0 Critical Warnings and 0 Errors encountered.
report_power completed successfully
INFO: [Vivado 12-24828] Executing command : report_clock_utilization -file Test_Top_clock_utilization_routed.rpt
INFO: [Vivado 12-24828] Executing command : report_bus_skew -warn_on_violation -file Test_Top_bus_skew_routed.rpt -pb Test_Top_bus_skew_routed.pb -rpx Test_Top_bus_skew_routed.rpx
INFO: [Timing 38-91] UpdateTimingParams: Speed grade: -1, Delay Type: min_max.
INFO: [Timing 38-191] Multithreading enabled for timing update using a maximum of 2 CPUs
generate_parallel_reports: Time (s): cpu = 00:00:16 ; elapsed = 00:00:11 . Memory (MB): peak = 2172.500 ; gain = 0.000
INFO: [Timing 38-480] Writing timing data to binary archive.
Wrote PlaceDB: Time (s): cpu = 00:00:00 ; elapsed = 00:00:00 . Memory (MB): peak = 2172.500 ; gain = 0.000
Wrote PulsedLatchDB: Time (s): cpu = 00:00:00 ; elapsed = 00:00:00 . Memory (MB): peak = 2172.500 ; gain = 0.000
Writing XDEF routing.
Writing XDEF routing logical nets.
Write ShapeDB Complete: Time (s): cpu = 00:00:00 ; elapsed = 00:00:00.070 . Memory (MB): peak = 2172.500 ; gain = 0.000
Writing XDEF routing special nets.
Wrote RouteStorage: Time (s): cpu = 00:00:00 ; elapsed = 00:00:00.112 . Memory (MB): peak = 2172.500 ; gain = 0.000
Wrote PlaceStorage: Time (s): cpu = 00:00:01 ; elapsed = 00:00:00.401 . Memory (MB): peak = 2172.500 ; gain = 0.000
Wrote Netlist Cache: Time (s): cpu = 00:00:00 ; elapsed = 00:00:00.010 . Memory (MB): peak = 2172.500 ; gain = 0.000
Wrote Device Cache: Time (s): cpu = 00:00:00 ; elapsed = 00:00:00.017 . Memory (MB): peak = 2172.500 ; gain = 0.000
Write Physdb Complete: Time (s): cpu = 00:00:01 ; elapsed = 00:00:00.556 . Memory (MB): peak = 2172.500 ; gain = 0.000
INFO: [Common 17-1381] The checkpoint 'C:/Users/Tetro/Documents/FPGA_Project/2025_G/2025_G.runs/impl_1/Test_Top_routed.dcp' has been generated.
INFO: [Memdata 28-167] Found XPM memory block design_1_wrapper_inst/design_1_i/axi_smc/inst/s00_nodes/s00_w_node/inst/inst_mi_handler/gen_normal_area.inst_fifo_node_payld/gen_xpm_memory_fifo.inst_fifo/gen_mem_rep[0].inst_xpm_memory/xpm_memory_base_inst with a P_MEMORY_PRIMITIVE property set to distributed. A value of block is required. You will not be able to use the updatemem program to update the bitstream with new data for the design_1_wrapper_inst/design_1_i/axi_smc/inst/s00_nodes/s00_w_node/inst/inst_mi_handler/gen_normal_area.inst_fifo_node_payld/gen_xpm_memory_fifo.inst_fifo/gen_mem_rep[0].inst_xpm_memory/xpm_memory_base_inst block.
INFO: [Memdata 28-167] Found XPM memory block design_1_wrapper_inst/design_1_i/axi_smc/inst/s00_nodes/s00_w_node/inst/inst_mi_handler/gen_normal_area.gen_fifo_req.inst_fifo_req/gen_xpm_memory_fifo.inst_fifo/gen_mem_rep[0].inst_xpm_memory/xpm_memory_base_inst with a P_MEMORY_PRIMITIVE property set to distributed. A value of block is required. You will not be able to use the updatemem program to update the bitstream with new data for the design_1_wrapper_inst/design_1_i/axi_smc/inst/s00_nodes/s00_w_node/inst/inst_mi_handler/gen_normal_area.gen_fifo_req.inst_fifo_req/gen_xpm_memory_fifo.inst_fifo/gen_mem_rep[0].inst_xpm_memory/xpm_memory_base_inst block.
INFO: [Memdata 28-167] Found XPM memory block design_1_wrapper_inst/design_1_i/axi_smc/inst/s00_nodes/s00_r_node/inst/inst_mi_handler/gen_normal_area.inst_fifo_node_payld/gen_xpm_memory_fifo.inst_fifo/gen_mem_rep[0].inst_xpm_memory/xpm_memory_base_inst with a P_MEMORY_PRIMITIVE property set to distributed. A value of block is required. You will not be able to use the updatemem program to update the bitstream with new data for the design_1_wrapper_inst/design_1_i/axi_smc/inst/s00_nodes/s00_r_node/inst/inst_mi_handler/gen_normal_area.inst_fifo_node_payld/gen_xpm_memory_fifo.inst_fifo/gen_mem_rep[0].inst_xpm_memory/xpm_memory_base_inst block.
INFO: [Memdata 28-167] Found XPM memory block design_1_wrapper_inst/design_1_i/axi_smc/inst/s00_nodes/s00_b_node/inst/inst_mi_handler/gen_normal_area.inst_fifo_node_payld/gen_xpm_memory_fifo.inst_fifo/gen_mem_rep[0].inst_xpm_memory/xpm_memory_base_inst with a P_MEMORY_PRIMITIVE property set to distributed. A value of block is required. You will not be able to use the updatemem program to update the bitstream with new data for the design_1_wrapper_inst/design_1_i/axi_smc/inst/s00_nodes/s00_b_node/inst/inst_mi_handler/gen_normal_area.inst_fifo_node_payld/gen_xpm_memory_fifo.inst_fifo/gen_mem_rep[0].inst_xpm_memory/xpm_memory_base_inst block.
INFO: [Memdata 28-167] Found XPM memory block design_1_wrapper_inst/design_1_i/axi_smc/inst/s00_nodes/s00_aw_node/inst/inst_mi_handler/gen_normal_area.inst_fifo_node_payld/gen_xpm_memory_fifo.inst_fifo/gen_mem_rep[0].inst_xpm_memory/xpm_memory_base_inst with a P_MEMORY_PRIMITIVE property set to distributed. A value of block is required. You will not be able to use the updatemem program to update the bitstream with new data for the design_1_wrapper_inst/design_1_i/axi_smc/inst/s00_nodes/s00_aw_node/inst/inst_mi_handler/gen_normal_area.inst_fifo_node_payld/gen_xpm_memory_fifo.inst_fifo/gen_mem_rep[0].inst_xpm_memory/xpm_memory_base_inst block.
INFO: [Memdata 28-167] Found XPM memory block design_1_wrapper_inst/design_1_i/axi_smc/inst/s00_nodes/s00_aw_node/inst/inst_mi_handler/gen_normal_area.gen_fifo_req.inst_fifo_req/gen_xpm_memory_fifo.inst_fifo/gen_mem_rep[0].inst_xpm_memory/xpm_memory_base_inst with a P_MEMORY_PRIMITIVE property set to distributed. A value of block is required. You will not be able to use the updatemem program to update the bitstream with new data for the design_1_wrapper_inst/design_1_i/axi_smc/inst/s00_nodes/s00_aw_node/inst/inst_mi_handler/gen_normal_area.gen_fifo_req.inst_fifo_req/gen_xpm_memory_fifo.inst_fifo/gen_mem_rep[0].inst_xpm_memory/xpm_memory_base_inst block.
INFO: [Memdata 28-167] Found XPM memory block design_1_wrapper_inst/design_1_i/axi_smc/inst/s00_nodes/s00_ar_node/inst/inst_mi_handler/gen_normal_area.inst_fifo_node_payld/gen_xpm_memory_fifo.inst_fifo/gen_mem_rep[0].inst_xpm_memory/xpm_memory_base_inst with a P_MEMORY_PRIMITIVE property set to distributed. A value of block is required. You will not be able to use the updatemem program to update the bitstream with new data for the design_1_wrapper_inst/design_1_i/axi_smc/inst/s00_nodes/s00_ar_node/inst/inst_mi_handler/gen_normal_area.inst_fifo_node_payld/gen_xpm_memory_fifo.inst_fifo/gen_mem_rep[0].inst_xpm_memory/xpm_memory_base_inst block.
INFO: [Memdata 28-167] Found XPM memory block design_1_wrapper_inst/design_1_i/axi_smc/inst/s00_nodes/s00_ar_node/inst/inst_mi_handler/gen_normal_area.gen_fifo_req.inst_fifo_req/gen_xpm_memory_fifo.inst_fifo/gen_mem_rep[0].inst_xpm_memory/xpm_memory_base_inst with a P_MEMORY_PRIMITIVE property set to distributed. A value of block is required. You will not be able to use the updatemem program to update the bitstream with new data for the design_1_wrapper_inst/design_1_i/axi_smc/inst/s00_nodes/s00_ar_node/inst/inst_mi_handler/gen_normal_area.gen_fifo_req.inst_fifo_req/gen_xpm_memory_fifo.inst_fifo/gen_mem_rep[0].inst_xpm_memory/xpm_memory_base_inst block.
INFO: [Memdata 28-167] Found XPM memory block design_1_wrapper_inst/design_1_i/axi_smc/inst/m01_nodes/m01_w_node/inst/inst_mi_handler/gen_normal_area.inst_fifo_node_payld/gen_xpm_memory_fifo.inst_fifo/gen_mem_rep[0].inst_xpm_memory/xpm_memory_base_inst with a P_MEMORY_PRIMITIVE property set to distributed. A value of block is required. You will not be able to use the updatemem program to update the bitstream with new data for the design_1_wrapper_inst/design_1_i/axi_smc/inst/m01_nodes/m01_w_node/inst/inst_mi_handler/gen_normal_area.inst_fifo_node_payld/gen_xpm_memory_fifo.inst_fifo/gen_mem_rep[0].inst_xpm_memory/xpm_memory_base_inst block.
INFO: [Memdata 28-167] Found XPM memory block design_1_wrapper_inst/design_1_i/axi_smc/inst/m01_nodes/m01_r_node/inst/inst_mi_handler/gen_normal_area.inst_fifo_node_payld/gen_xpm_memory_fifo.inst_fifo/gen_mem_rep[0].inst_xpm_memory/xpm_memory_base_inst with a P_MEMORY_PRIMITIVE property set to distributed. A value of block is required. You will not be able to use the updatemem program to update the bitstream with new data for the design_1_wrapper_inst/design_1_i/axi_smc/inst/m01_nodes/m01_r_node/inst/inst_mi_handler/gen_normal_area.inst_fifo_node_payld/gen_xpm_memory_fifo.inst_fifo/gen_mem_rep[0].inst_xpm_memory/xpm_memory_base_inst block.
INFO: [Memdata 28-167] Found XPM memory block design_1_wrapper_inst/design_1_i/axi_smc/inst/m01_nodes/m01_b_node/inst/inst_mi_handler/gen_normal_area.inst_fifo_node_payld/gen_xpm_memory_fifo.inst_fifo/gen_mem_rep[0].inst_xpm_memory/xpm_memory_base_inst with a P_MEMORY_PRIMITIVE property set to distributed. A value of block is required. You will not be able to use the updatemem program to update the bitstream with new data for the design_1_wrapper_inst/design_1_i/axi_smc/inst/m01_nodes/m01_b_node/inst/inst_mi_handler/gen_normal_area.inst_fifo_node_payld/gen_xpm_memory_fifo.inst_fifo/gen_mem_rep[0].inst_xpm_memory/xpm_memory_base_inst block.
INFO: [Memdata 28-167] Found XPM memory block design_1_wrapper_inst/design_1_i/axi_smc/inst/m01_nodes/m01_aw_node/inst/inst_mi_handler/gen_normal_area.inst_fifo_node_payld/gen_xpm_memory_fifo.inst_fifo/gen_mem_rep[0].inst_xpm_memory/xpm_memory_base_inst with a P_MEMORY_PRIMITIVE property set to distributed. A value of block is required. You will not be able to use the updatemem program to update the bitstream with new data for the design_1_wrapper_inst/design_1_i/axi_smc/inst/m01_nodes/m01_aw_node/inst/inst_mi_handler/gen_normal_area.inst_fifo_node_payld/gen_xpm_memory_fifo.inst_fifo/gen_mem_rep[0].inst_xpm_memory/xpm_memory_base_inst block.
INFO: [Memdata 28-167] Found XPM memory block design_1_wrapper_inst/design_1_i/axi_smc/inst/m01_nodes/m01_ar_node/inst/inst_mi_handler/gen_normal_area.inst_fifo_node_payld/gen_xpm_memory_fifo.inst_fifo/gen_mem_rep[0].inst_xpm_memory/xpm_memory_base_inst with a P_MEMORY_PRIMITIVE property set to distributed. A value of block is required. You will not be able to use the updatemem program to update the bitstream with new data for the design_1_wrapper_inst/design_1_i/axi_smc/inst/m01_nodes/m01_ar_node/inst/inst_mi_handler/gen_normal_area.inst_fifo_node_payld/gen_xpm_memory_fifo.inst_fifo/gen_mem_rep[0].inst_xpm_memory/xpm_memory_base_inst block.
INFO: [Memdata 28-167] Found XPM memory block design_1_wrapper_inst/design_1_i/axi_smc/inst/m00_nodes/m00_w_node/inst/inst_mi_handler/gen_normal_area.inst_fifo_node_payld/gen_xpm_memory_fifo.inst_fifo/gen_mem_rep[0].inst_xpm_memory/xpm_memory_base_inst with a P_MEMORY_PRIMITIVE property set to distributed. A value of block is required. You will not be able to use the updatemem program to update the bitstream with new data for the design_1_wrapper_inst/design_1_i/axi_smc/inst/m00_nodes/m00_w_node/inst/inst_mi_handler/gen_normal_area.inst_fifo_node_payld/gen_xpm_memory_fifo.inst_fifo/gen_mem_rep[0].inst_xpm_memory/xpm_memory_base_inst block.
INFO: [Memdata 28-167] Found XPM memory block design_1_wrapper_inst/design_1_i/axi_smc/inst/m00_nodes/m00_r_node/inst/inst_mi_handler/gen_normal_area.inst_fifo_node_payld/gen_xpm_memory_fifo.inst_fifo/gen_mem_rep[0].inst_xpm_memory/xpm_memory_base_inst with a P_MEMORY_PRIMITIVE property set to distributed. A value of block is required. You will not be able to use the updatemem program to update the bitstream with new data for the design_1_wrapper_inst/design_1_i/axi_smc/inst/m00_nodes/m00_r_node/inst/inst_mi_handler/gen_normal_area.inst_fifo_node_payld/gen_xpm_memory_fifo.inst_fifo/gen_mem_rep[0].inst_xpm_memory/xpm_memory_base_inst block.
INFO: [Memdata 28-167] Found XPM memory block design_1_wrapper_inst/design_1_i/axi_smc/inst/m00_nodes/m00_b_node/inst/inst_mi_handler/gen_normal_area.inst_fifo_node_payld/gen_xpm_memory_fifo.inst_fifo/gen_mem_rep[0].inst_xpm_memory/xpm_memory_base_inst with a P_MEMORY_PRIMITIVE property set to distributed. A value of block is required. You will not be able to use the updatemem program to update the bitstream with new data for the design_1_wrapper_inst/design_1_i/axi_smc/inst/m00_nodes/m00_b_node/inst/inst_mi_handler/gen_normal_area.inst_fifo_node_payld/gen_xpm_memory_fifo.inst_fifo/gen_mem_rep[0].inst_xpm_memory/xpm_memory_base_inst block.
INFO: [Memdata 28-167] Found XPM memory block design_1_wrapper_inst/design_1_i/axi_smc/inst/m00_nodes/m00_aw_node/inst/inst_mi_handler/gen_normal_area.inst_fifo_node_payld/gen_xpm_memory_fifo.inst_fifo/gen_mem_rep[0].inst_xpm_memory/xpm_memory_base_inst with a P_MEMORY_PRIMITIVE property set to distributed. A value of block is required. You will not be able to use the updatemem program to update the bitstream with new data for the design_1_wrapper_inst/design_1_i/axi_smc/inst/m00_nodes/m00_aw_node/inst/inst_mi_handler/gen_normal_area.inst_fifo_node_payld/gen_xpm_memory_fifo.inst_fifo/gen_mem_rep[0].inst_xpm_memory/xpm_memory_base_inst block.
INFO: [Memdata 28-167] Found XPM memory block design_1_wrapper_inst/design_1_i/axi_smc/inst/m00_nodes/m00_ar_node/inst/inst_mi_handler/gen_normal_area.inst_fifo_node_payld/gen_xpm_memory_fifo.inst_fifo/gen_mem_rep[0].inst_xpm_memory/xpm_memory_base_inst with a P_MEMORY_PRIMITIVE property set to distributed. A value of block is required. You will not be able to use the updatemem program to update the bitstream with new data for the design_1_wrapper_inst/design_1_i/axi_smc/inst/m00_nodes/m00_ar_node/inst/inst_mi_handler/gen_normal_area.inst_fifo_node_payld/gen_xpm_memory_fifo.inst_fifo/gen_mem_rep[0].inst_xpm_memory/xpm_memory_base_inst block.
Command: write_bitstream -force Test_Top.bit
Attempting to get a license for feature 'Implementation' and/or device 'xc7z020'
INFO: [Common 17-349] Got license for feature 'Implementation' and/or device 'xc7z020'
Running DRC as a precondition to command write_bitstream
INFO: [IP_Flow 19-1839] IP Catalog is up to date.
INFO: [DRC 23-27] Running DRC with 2 threads
INFO: [Vivado 12-3199] DRC finished with 0 Errors
INFO: [Vivado 12-3200] Please refer to the DRC report (report_drc) for more information.
Integrating Hard IP ELF/MEM with the PDI.
INFO: [Designutils 20-2272] Running write_bitstream with 2 threads.
Loading data files...
Loading site data...
Loading route data...
Processing options...
Creating bitmap...
Creating bitstream...
Writing bitstream ./Test_Top.bit...
INFO: [Vivado 12-1842] Bitgen Completed Successfully.
INFO: [Common 17-83] Releasing license: Implementation
151 Infos, 0 Warnings, 0 Critical Warnings and 0 Errors encountered.
write_bitstream completed successfully
write_bitstream: Time (s): cpu = 00:00:22 ; elapsed = 00:00:15 . Memory (MB): peak = 2512.633 ; gain = 340.133
INFO: [Common 17-206] Exiting Vivado at Mon Jun  8 14:53:21 2026...
